13:24:34 **** Auto Build of configuration Debug for project ps_led ****
make pre-build main-build 
a9-linaro-pre-build-step
' '
'Building file: ../src/helloworld.c'
'Invoking: ARM v7 gcc compiler'
arm-none-eabi-gcc -Wall -O0 -g3 -c -fmessage-length=0 -MT"src/helloworld.o" -mcpu=cortex-a9 -mfpu=vfpv3 -mfloat-abi=hard -I../../ps_led_test_bsp/ps7_cortexa9_0/include -MMD -MP -MF"src/helloworld.d" -MT"src/helloworld.o" -o "src/helloworld.o" "../src/helloworld.c"
'Finished building: ../src/helloworld.c'
' '
'Building target: ps_led.elf'
'Invoking: ARM v7 gcc linker'
arm-none-eabi-gcc -mcpu=cortex-a9 -mfpu=vfpv3 -mfloat-abi=hard -Wl,-build-id=none -specs=Xilinx.spec -Wl,-T -Wl,../src/lscript.ld -L../../ps_led_test_bsp/ps7_cortexa9_0/lib -o "ps_led.elf"  ./src/helloworld.o   -Wl,--start-group,-lxil,-lgcc,-lc,--end-group
'Finished building target: ps_led.elf'
' '
'Invoking: ARM v7 Print Size'
arm-none-eabi-size ps_led.elf  |tee "ps_led.elf.size"
   text	   data	    bss	    dec	    hex	filename
  26920	   1156	  22616	  50692	   c604	ps_led.elf
'Finished building: ps_led.elf.size'
' '

13:24:35 Build Finished (took 595ms)

